------------------------------------------------------------
TimeQuest Timing Analyzer Summary
------------------------------------------------------------

Type  : Slow 1100mV 85C Model Setup 'CLOCK_50'
Slack : -1.492
TNS   : -8.063

Type  : Slow 1100mV 85C Model Hold 'CLOCK_50'
Slack : 0.375
TNS   : 0.000

Type  : Slow 1100mV 85C Model Minimum Pulse Width 'CLOCK_50'
Slack : -0.394
TNS   : -5.227

Type  : Slow 1100mV 0C Model Setup 'CLOCK_50'
Slack : -1.540
TNS   : -8.277

Type  : Slow 1100mV 0C Model Hold 'CLOCK_50'
Slack : 0.391
TNS   : 0.000

Type  : Slow 1100mV 0C Model Minimum Pulse Width 'CLOCK_50'
Slack : -0.394
TNS   : -4.816

Type  : Fast 1100mV 85C Model Setup 'CLOCK_50'
Slack : -0.367
TNS   : -1.680

Type  : Fast 1100mV 85C Model Hold 'CLOCK_50'
Slack : 0.183
TNS   : 0.000

Type  : Fast 1100mV 85C Model Minimum Pulse Width 'CLOCK_50'
Slack : -0.394
TNS   : -3.953

Type  : Fast 1100mV 0C Model Setup 'CLOCK_50'
Slack : -0.304
TNS   : -1.360

Type  : Fast 1100mV 0C Model Hold 'CLOCK_50'
Slack : 0.172
TNS   : 0.000

Type  : Fast 1100mV 0C Model Minimum Pulse Width 'CLOCK_50'
Slack : -0.432
TNS   : -4.773

------------------------------------------------------------
